// Jest Snapshot v1, https://goo.gl/fbAQLP

exports[`reflect-input builds and renders 1`] = `
ReflectInput {
  "email": "",
  "inputChanged": Object {
    "emit": [Function],
  },
  "message": "",
  "name": "",
  "onInput": [Function],
}
`;
